Flutter crash report.
Please report a bug at https://github.com/flutter/flutter/issues.

## command

flutter build macos

## exception

ProcessException: ProcessException: Process exited abnormally with exit code 72:
xcrun: error: unable to find utility "xcodebuild", not a developer tool or in PATH
  Command: /usr/bin/arch -arm64e xcrun xcodebuild -list -project Runner.xcodeproj

```
#0      RunResult.throwException (package:flutter_tools/src/base/process.dart:118:5)
#1      _DefaultProcessUtils.run (package:flutter_tools/src/base/process.dart:344:19)
<asynchronous suspension>
#2      XcodeProjectInterpreter.getInfo (package:flutter_tools/src/ios/xcodeproj.dart:352:30)
<asynchronous suspension>
#3      buildMacOS (package:flutter_tools/src/macos/build_macos.dart:126:41)
<asynchronous suspension>
#4      BuildMacosCommand.runCommand (package:flutter_tools/src/commands/build_macos.dart:61:5)
<asynchronous suspension>
#5      FlutterCommand.run.<anonymous closure> (package:flutter_tools/src/runner/flutter_command.dart:1558:27)
<asynchronous suspension>
#6      AppContext.run.<anonymous closure> (package:flutter_tools/src/base/context.dart:154:19)
<asynchronous suspension>
#7      CommandRunner.runCommand (package:args/command_runner.dart:212:13)
<asynchronous suspension>
#8      FlutterCommandRunner.runCommand.<anonymous closure> (package:flutter_tools/src/runner/flutter_command_runner.dart:496:9)
<asynchronous suspension>
#9      AppContext.run.<anonymous closure> (package:flutter_tools/src/base/context.dart:154:19)
<asynchronous suspension>
#10     FlutterCommandRunner.runCommand (package:flutter_tools/src/runner/flutter_command_runner.dart:431:5)
<asynchronous suspension>
#11     run.<anonymous closure>.<anonymous closure> (package:flutter_tools/runner.dart:98:11)
<asynchronous suspension>
#12     AppContext.run.<anonymous closure> (package:flutter_tools/src/base/context.dart:154:19)
<asynchronous suspension>
#13     main (package:flutter_tools/executable.dart:99:3)
<asynchronous suspension>
```

## flutter doctor

```
[✓] Flutter (Channel stable, 3.29.3, on macOS 15.7.4 24G517 darwin-arm64, locale en-GB) [1,835ms]
    • Flutter version 3.29.3 on channel stable at /Users/ismail/development/flutter
    • Upstream repository https://github.com/flutter/flutter.git
    • Framework revision ea121f8859 (11 months ago), 2025-04-11 19:10:07 +0000
    • Engine revision cf56914b32
    • Dart version 3.7.2
    • DevTools version 2.42.3

[!] Android toolchain - develop for Android devices (Android SDK version 35.0.1) [2.7s]
    • Android SDK at /Users/ismail/Library/Android/sdk
    • Platform android-35, build-tools 35.0.1
    • Java binary at: /Applications/Android Studio.app/Contents/jbr/Contents/Home/bin/java
      This is the JDK bundled with the latest Android Studio installation on this machine.
      To manually set the JDK path, use: `flutter config --jdk-dir="path/to/jdk"`.
    • Java version OpenJDK Runtime Environment (build 21.0.6+-13368085-b895.109)
    ! Some Android licenses not accepted. To resolve this, run: flutter doctor --android-licenses

[!] Xcode - develop for iOS and macOS [2.3s]
    ✗ Xcode installation is incomplete; a full installation is necessary for iOS and macOS development.
      Download at: https://developer.apple.com/xcode/
      Or install Xcode via the App Store.
      Once installed, run:
        sudo xcode-select --switch /Applications/Xcode.app/Contents/Developer
        sudo xcodebuild -runFirstLaunch
    • CocoaPods version 1.16.2

[✗] Chrome - develop for the web (Cannot find Chrome executable at /Applications/Google Chrome.app/Contents/MacOS/Google Chrome) [71ms]
    ! Cannot find Chrome. Try setting CHROME_EXECUTABLE to a Chrome executable.

[✓] Android Studio (version 2024.3) [70ms]
    • Android Studio at /Applications/Android Studio.app/Contents
    • Flutter plugin can be installed from:
      🔨 https://plugins.jetbrains.com/plugin/9212-flutter
    • Dart plugin can be installed from:
      🔨 https://plugins.jetbrains.com/plugin/6351-dart
    • Java version OpenJDK Runtime Environment (build 21.0.6+-13368085-b895.109)

[✓] VS Code (version 1.109.4) [68ms]
    • VS Code at /Applications/Visual Studio Code.app/Contents
    • Flutter extension version 3.128.0

[✓] Connected device (1 available) [136ms]
    • macOS (desktop) • macos • darwin-arm64 • macOS 15.7.4 24G517 darwin-arm64

[✓] Network resources [1,175ms]
    • All expected network resources are available.

! Doctor found issues in 3 categories.
```
