00:00 +0: loading C:/Users/Ismail/Documents/Codes/Flutter/New Stepped/test/features/trips/add_trip_screen_test.dart
00:00 +0: edit trip screen renders form content
AutomatedTestWidgetsFlutterBinding - DEBUG MODE
[root]
└View(state: _ViewState#96910)
 └RawView
  └_RawViewInternal-[_DeprecatedRawViewKey TestFlutterView#12de4](renderObject: _ReusableRenderView#b03c0)
   └_ViewScope
    └_PipelineOwnerScope
     └_MediaQueryFromView(state: _MediaQueryFromViewState#3451f)
      └MediaQuery(MediaQueryData(size: Size(800.0, 600.0), devicePixelRatio: 3.0, textScaler: no scaling, platformBrightness: Brightness.light, padding: EdgeInsets.zero, viewPadding: EdgeInsets.zero, viewInsets: EdgeInsets.zero, systemGestureInsets: EdgeInsets.zero, alwaysUse24HourFormat: false, accessibleNavigation: false, highContrast: false, onOffSwitchLabels: false, disableAnimations: false, invertColors: false, boldText: false, navigationMode: traditional, gestureSettings: DeviceGestureSettings(touchSlop: null), displayFeatures: [], supportsShowingSystemContextMenu: false))
       └FocusTraversalGroup(policy: ReadingOrderTraversalPolicy#3ef8c, state: _FocusTraversalGroupState#23623)
        └Focus(debugLabel: "FocusTraversalGroup", focusNode: _FocusTraversalGroupNode#204d8(FocusTraversalGroup [IN FOCUS PATH]), state: _FocusState#1401e)
         └_FocusInheritedScope
          └_FocusScopeWithExternalFocusNode(debugLabel: "View Scope", focusNode: FocusScopeNode#6a6cb(View Scope [IN FOCUS PATH]), dependencies: [_FocusInheritedScope], state: _FocusScopeState#6ffbc)
           └_FocusInheritedScope
            └ProviderScope(state: ProviderScopeState#23bd3)
             └UncontrolledProviderScope
              └MaterialApp(state: _MaterialAppState#6d066)
               └ScrollConfiguration(behavior: MaterialScrollBehavior)
                └HeroControllerScope
                 └Focus(dependencies: [_FocusInheritedScope], state: _FocusState#e4340)
                  └_FocusInheritedScope
                   └Semantics(container: false, properties: SemanticsProperties, renderObject: RenderSemanticsAnnotations#e278b)
                    └WidgetsApp-[GlobalObjectKey _MaterialAppState#6d066](state: _WidgetsAppState#b6e90)
                     └RootRestorationScope(state: _RootRestorationScopeState#c96d2)
                      └UnmanagedRestorationScope
                       └RestorationScope(dependencies: [UnmanagedRestorationScope], state: _RestorationScopeState#01256)
                        └UnmanagedRestorationScope
                         └SharedAppData(state: _SharedAppDataState#abf4f)
                          └_SharedAppModel
                           └NotificationListener<NavigationNotification>
                            └Shortcuts(shortcuts: <Default WidgetsApp Shortcuts>, state: _ShortcutsState#cbdfe)
                             └Focus(debugLabel: "Shortcuts", dependencies: [_FocusInheritedScope], state: _FocusState#ae649)
                              └_FocusInheritedScope
                               └Semantics(container: false, properties: SemanticsProperties, renderObject: RenderSemanticsAnnotations#f1243)
                                └DefaultTextEditingShortcuts
                                 └Shortcuts(shortcuts: <Default Text Editing Shortcuts>, state: _ShortcutsState#ac9ca)
                                  └Focus(debugLabel: "Shortcuts", dependencies: [_FocusInheritedScope], state: _FocusState#1850b)
                                   └_FocusInheritedScope
                                    └Semantics(container: false, properties: SemanticsProperties, renderObject: RenderSemanticsAnnotations#e8b65)
                                     └Actions(dispatcher: null, actions: {DoNothingIntent: DoNothingAction#98237, DoNothingAndStopPropagationIntent: DoNothingAction#81c52, RequestFocusIntent: RequestFocusAction#7ffa1, NextFocusIntent: NextFocusAction#e0fc2, PreviousFocusIntent: PreviousFocusAction#5225e, DirectionalFocusIntent: DirectionalFocusAction#610c5, ScrollIntent: _OverridableContextAction<ScrollIntent>#4316f(defaultAction: ScrollAction#3568e), PrioritizedIntents: PrioritizedAction#64156, VoidCallbackIntent: VoidCallbackAction#00eed}, state: _ActionsState#9243f)
                                      └_ActionsScope
                                       └FocusTraversalGroup(policy: ReadingOrderTraversalPolicy#8ac7a, state: _FocusTraversalGroupState#8586d)
                                        └Focus(debugLabel: "FocusTraversalGroup", focusNode: _FocusTraversalGroupNode#d44ee(FocusTraversalGroup [IN FOCUS PATH]), dependencies: [_FocusInheritedScope], state: _FocusState#1dac9)
                                         └_FocusInheritedScope
                                          └TapRegionSurface(renderObject: RenderTapRegionSurface#25fd0)
                                           └ShortcutRegistrar(state: _ShortcutRegistrarState#f3f46)
                                            └_ShortcutRegistrarScope
                                             └Shortcuts(manager: ShortcutManager#4e751(shortcuts: {}), shortcuts: {}, state: _ShortcutsState#4c15a)
                                              └Focus(debugLabel: "Shortcuts", dependencies: [_FocusInheritedScope], state: _FocusState#eaf16)
                                               └_FocusInheritedScope
                                                └Semantics(container: false, properties: SemanticsProperties, renderObject: RenderSemanticsAnnotations#7b99e)
                                                 └Localizations(locale: en_US, delegates: [DefaultMaterialLocalizations.delegate(en_US), DefaultCupertinoLocalizations.delegate(en_US), DefaultWidgetsLocalizations.delegate(en_US)], state: _LocalizationsState#e71e7)
                                                  └Semantics(container: false, properties: SemanticsProperties, textDirection: ltr, renderObject: RenderSemanticsAnnotations#88920)
                                                   └_LocalizationsScope-[GlobalKey#a2782]
                                                    └Directionality(textDirection: ltr)
                                                     └Title(color: Color(alpha: 1.0000, red: 0.1294, green: 0.5882, blue: 0.9529, colorSpace: ColorSpace.sRGB))
                                                      └CheckedModeBanner("DEBUG")
                                                       └Banner(dependencies: [Directionality], state: _BannerState#f9d52("DEBUG", textDirection: ltr, location: topEnd, Color(alpha: 0.6275, red: 0.7176, green: 0.1098, blue: 0.1098, colorSpace: ColorSpace.sRGB), text inherit: true, text color: Color(alpha: 1.0000, red: 1.0000, green: 1.0000, blue: 1.0000, colorSpace: ColorSpace.sRGB), text size: 10.2, text weight: 900, text height: 1.0x))
                                                        └CustomPaint(renderObject: RenderCustomPaint#93c83)
                                                         └ValueListenableBuilder<bool>(state: _ValueListenableBuilderState<bool>#8ee80)
                                                          └DefaultTextStyle(debugLabel: fallback style; consider putting your text in a Material, inherit: true, color: Color(alpha: 0.8157, red: 1.0000, green: 0.0000, blue: 0.0000, colorSpace: ColorSpace.sRGB), family: monospace, size: 48.0, weight: 900, decoration: double Color(alpha: 1.0000, red: 1.0000, green: 1.0000, blue: 0.0000, colorSpace: ColorSpace.sRGB) TextDecoration.underline, softWrap: wrapping at box width, overflow: clip)
                                                           └Builder(dependencies: [MediaQuery])
                                                            └AnimatedTheme(duration: 200ms, state: _AnimatedThemeState#f84c4(ticker inactive, ThemeDataTween(ThemeData#4b8ea → ThemeData#4b8ea)))
                                                             └Theme(ThemeData#4b8ea)
                                                              └_InheritedTheme
                                                               └CupertinoTheme(brightness: light, primaryColor: Color(alpha: 1.0000, red: 0.4039, green: 0.3137, blue: 0.6431, colorSpace: ColorSpace.sRGB), scaffoldBackgroundColor: Color(alpha: 1.0000, red: 0.9961, green: 0.9686, blue: 1.0000, colorSpace: ColorSpace.sRGB), actionTextStyle: TextStyle(inherit: false, color: Color(alpha: 1.0000, red: 0.4039, green: 0.3137, blue: 0.6431, colorSpace: ColorSpace.sRGB), family: CupertinoSystemText, size: 17.0, letterSpacing: -0.4, decoration: TextDecoration.none), actionSmallTextStyle: TextStyle(inherit: false, color: Color(alpha: 1.0000, red: 0.4039, green: 0.3137, blue: 0.6431, colorSpace: ColorSpace.sRGB), family: CupertinoSystemText, size: 15.0, letterSpacing: -0.2, decoration: TextDecoration.none), navActionTextStyle: TextStyle(inherit: false, color: Color(alpha: 1.0000, red: 0.4039, green: 0.3137, blue: 0.6431, colorSpace: ColorSpace.sRGB), family: CupertinoSystemText, size: 17.0, letterSpacing: -0.4, decoration: TextDecoration.none))
                                                                └InheritedCupertinoTheme
                                                                 └IconTheme(color: Color(alpha: 1.0000, red: 0.4039, green: 0.3137, blue: 0.6431, colorSpace: ColorSpace.sRGB))
                                                                  └IconTheme(color: Color(alpha: 0.8667, red: 0.0000, green: 0.0000, blue: 0.0000, colorSpace: ColorSpace.sRGB))
                                                                   └DefaultSelectionStyle
                                                                    └ScaffoldMessenger(dependencies: [MediaQuery], state: ScaffoldMessengerState#7632f)
                                                                     └_ScaffoldMessengerScope
                                                                      └DefaultSelectionStyle
                                                                       └FocusScope(debugLabel: "Navigator Scope", AUTOFOCUS, dependencies: [_FocusInheritedScope], state: _FocusScopeState#1d5f6)
                                                                        └Semantics(container: false, properties: SemanticsProperties, renderObject: RenderSemanticsAnnotations#6e761)
                                                                         └_FocusInheritedScope
                                                                          └Navigator-[GlobalObjectKey<NavigatorState> _WidgetsAppState#b6e90](dependencies: [HeroControllerScope, InheritedCupertinoTheme, UnmanagedRestorationScope, _InheritedTheme, _LocalizationsScope-[GlobalKey#a2782]], state: NavigatorState#9b4fc(tickers: tracking 1 ticker))
                                                                           └HeroControllerScope
                                                                            └NotificationListener<NavigationNotification>
                                                                             └Listener(listeners: [down, up, cancel], behavior: deferToChild, renderObject: RenderPointerListener#70b70)
                                                                              └AbsorbPointer(absorbing: false, renderObject: RenderAbsorbPointer#f8b80)
                                                                               └FocusTraversalGroup(policy: ReadingOrderTraversalPolicy#8ac7a, state: _FocusTraversalGroupState#5e00e)
                                                                                └Focus(debugLabel: "FocusTraversalGroup", focusNode: _FocusTraversalGroupNode#21851(FocusTraversalGroup [IN FOCUS PATH]), dependencies: [_FocusInheritedScope], state: _FocusState#751fc)
                                                                                 └_FocusInheritedScope
                                                                                  └Focus(debugLabel: "Navigator", AUTOFOCUS, focusNode: FocusNode#c58ab(Navigator [IN FOCUS PATH]), dependencies: [_FocusInheritedScope], state: _FocusState#0799c)
                                                                                   └_FocusInheritedScope
                                                                                    └UnmanagedRestorationScope
                                                                                     └Overlay-[LabeledGlobalKey<OverlayState>#6bef6](state: OverlayState#82a16(entries: [OverlayEntry#92251(opaque: true; maintainState: false), OverlayEntry#620de(opaque: false; maintainState: true)]))
                                                                                      └_Theater(skipCount: 0, dependencies: [Directionality], renderObject: _RenderTheater#c54c5)
                                                                                       ├_OverlayEntryWidget-[LabeledGlobalKey<_OverlayEntryWidgetState>#d75ea](state: _OverlayEntryWidgetState#13729)
                                                                                       │└TickerMode(state: _TickerModeState#206c2(requested mode: enabled))
                                                                                       │ └_EffectiveTickerMode(effective mode: enabled)
                                                                                       │  └_RenderTheaterMarker
                                                                                       │   └IgnorePointer(ignoring: false, renderObject: RenderIgnorePointer#4f310)
                                                                                       │    └ModalBarrier
                                                                                       │     └BlockSemantics(blocking: true, renderObject: RenderBlockSemantics#da3ea)
                                                                                       │      └ExcludeSemantics(excluding: true, renderObject: RenderExcludeSemantics#b3c2f)
                                                                                       │       └_ModalBarrierGestureDetector
                                                                                       │        └RawGestureDetector(state: RawGestureDetectorState#056a6(gestures: [any tap], behavior: opaque))
                                                                                       │         └_GestureSemantics(renderObject: RenderSemanticsGestureHandler#f4d29)
                                                                                       │          └Listener(listeners: [down, panZoomStart], behavior: opaque, renderObject: RenderPointerListener#86e42)
                                                                                       │           └Semantics(container: false, properties: SemanticsProperties, renderObject: RenderSemanticsAnnotations#32611)
                                                                                       │            └MouseRegion(listeners: <none>, cursor: SystemMouseCursor(basic), renderObject: RenderMouseRegion#352a8)
                                                                                       │             └ConstrainedBox(BoxConstraints(biggest), renderObject: RenderConstrainedBox#06e55)
                                                                                       └_OverlayEntryWidget-[LabeledGlobalKey<_OverlayEntryWidgetState>#df188](state: _OverlayEntryWidgetState#c6e43)
                                                                                        └TickerMode(state: _TickerModeState#83cf8(requested mode: enabled))
                                                                                         └_EffectiveTickerMode(effective mode: enabled)
                                                                                          └_RenderTheaterMarker
                                                                                           └Semantics(container: false, properties: SemanticsProperties, sortKey: OrdinalSortKey#eae3f(order: 0.0), renderObject: RenderSemanticsAnnotations#ac9f4)
                                                                                            └_ModalScope<dynamic>-[LabeledGlobalKey<_ModalScopeState<dynamic>>#ae9c1](state: _ModalScopeState<dynamic>#ad900)
                                                                                             └AnimatedBuilder(listenable: ValueNotifier<String?>#0e757(null), state: _AnimatedState#b8caa)
                                                                                              └RestorationScope(dependencies: [UnmanagedRestorationScope], state: _RestorationScopeState#fec04)
                                                                                               └UnmanagedRestorationScope
                                                                                                └_ModalScopeStatus(active)
                                                                                                 └Offstage(offstage: false, renderObject: RenderOffstage#b5c4e)
                                                                                                  └PageStorage
                                                                                                   └Builder
                                                                                                    └Actions(dispatcher: null, actions: {DismissIntent: _DismissModalAction#32c31}, state: _ActionsState#a4cf8)
                                                                                                     └_ActionsScope
                                                                                                      └PrimaryScrollController(ScrollController#5b05c(one client, offset 0.0))
                                                                                                       └_FocusScopeWithExternalFocusNode(debugLabel: "_ModalScopeState<dynamic> Focus Scope", focusNode: FocusScopeNode#24e26(_ModalScopeState<dynamic> Focus Scope [PRIMARY FOCUS]), dependencies: [_FocusInheritedScope], state: _FocusScopeState#462f2)
                                                                                                        └Semantics(container: false, properties: SemanticsProperties, renderObject: RenderSemanticsAnnotations#f3e6a)
                                                                                                         └_FocusInheritedScope
                                                                                                          └RepaintBoundary(renderObject: RenderRepaintBoundary#736a6)
                                                                                                           └ListenableBuilder(listenable: Listenable.merge([AnimationController#e3d4d(⏭ 1.000; paused; for MaterialPageRoute<dynamic>(/))➩ProxyAnimation, kAlwaysDismissedAnimation➩ProxyAnimation➩ProxyAnimation]), dependencies: [InheritedCupertinoTheme, _InheritedTheme, _LocalizationsScope-[GlobalKey#a2782]], state: _AnimatedState#9e412)
                                                                                                            └_PageTransitionsThemeTransitions<dynamic>(dependencies: [InheritedCupertinoTheme, _InheritedTheme, _LocalizationsScope-[GlobalKey#a2782]], state: _PageTransitionsThemeTransitionsState<dynamic>#2e5c0)
                                                                                                             └_ZoomPageTransition(dependencies: [InheritedCupertinoTheme, _InheritedTheme, _LocalizationsScope-[GlobalKey#a2782]])
                                                                                                              └DualTransitionBuilder(state: _DualTransitionBuilderState#cb864)
                                                                                                               └_ZoomEnterTransition(state: _ZoomEnterTransitionState#373da)
                                                                                                                └SnapshotWidget(dependencies: [MediaQuery], renderObject: _RenderSnapshotWidget#5e5e6)
                                                                                                                 └_ZoomExitTransition(state: _ZoomExitTransitionState#221ee)
                                                                                                                  └SnapshotWidget(dependencies: [MediaQuery], renderObject: _RenderSnapshotWidget#89dde)
                                                                                                                   └DualTransitionBuilder(state: _DualTransitionBuilderState#ab3cd)
                                                                                                                    └_ZoomEnterTransition(state: _ZoomEnterTransitionState#d47b4)
                                                                                                                     └SnapshotWidget(dependencies: [MediaQuery], renderObject: _RenderSnapshotWidget#630b4)
                                                                                                                      └_ZoomExitTransition(state: _ZoomExitTransitionState#2feb0)
                                                                                                                       └SnapshotWidget(dependencies: [MediaQuery], renderObject: _RenderSnapshotWidget#85e60)
                                                                                                                        └ListenableBuilder(listenable: ValueNotifier<bool>#faf8f(false), state: _AnimatedState#aa968)
                                                                                                                         └IgnorePointer(ignoring: false, renderObject: RenderIgnorePointer#466d5)
                                                                                                                          └RepaintBoundary-[GlobalKey#ec975](renderObject: RenderRepaintBoundary#1e285)
                                                                                                                           └Builder
                                                                                                                            └Semantics(container: false, properties: SemanticsProperties, renderObject: RenderSemanticsAnnotations#b6ab8)
                                                                                                                             └AddTripScreen(dependencies: [InheritedCupertinoTheme, UncontrolledProviderScope, _InheritedTheme, _LocalizationsScope-[GlobalKey#a2782]], state: _AddTripScreenState#df777)
                                                                                                                              └Theme(ThemeData#3ca4d, dependencies: [DefaultSelectionStyle, InheritedCupertinoTheme])
                                                                                                                               └_InheritedTheme
                                                                                                                                └CupertinoTheme(brightness: light, primaryColor: Color(alpha: 1.0000, red: 0.4039, green: 0.3137, blue: 0.6431, colorSpace: ColorSpace.sRGB), scaffoldBackgroundColor: Color(alpha: 1.0000, red: 0.9961, green: 0.9686, blue: 1.0000, colorSpace: ColorSpace.sRGB), actionTextStyle: TextStyle(inherit: false, color: Color(alpha: 1.0000, red: 0.4039, green: 0.3137, blue: 0.6431, colorSpace: ColorSpace.sRGB), family: CupertinoSystemText, size: 17.0, letterSpacing: -0.4, decoration: TextDecoration.none), actionSmallTextStyle: TextStyle(inherit: false, color: Color(alpha: 1.0000, red: 0.4039, green: 0.3137, blue: 0.6431, colorSpace: ColorSpace.sRGB), family: CupertinoSystemText, size: 15.0, letterSpacing: -0.2, decoration: TextDecoration.none), navActionTextStyle: TextStyle(inherit: false, color: Color(alpha: 1.0000, red: 0.4039, green: 0.3137, blue: 0.6431, colorSpace: ColorSpace.sRGB), family: CupertinoSystemText, size: 17.0, letterSpacing: -0.4, decoration: TextDecoration.none))
                                                                                                                                 └InheritedCupertinoTheme
                                                                                                                                  └IconTheme(color: Color(alpha: 1.0000, red: 0.4039, green: 0.3137, blue: 0.6431, colorSpace: ColorSpace.sRGB))
                                                                                                                                   └IconTheme(color: Color(alpha: 0.8667, red: 0.0000, green: 0.0000, blue: 0.0000, colorSpace: ColorSpace.sRGB))
                                                                                                                                    └DefaultSelectionStyle
                                                                                                                                     └Scaffold(dependencies: [Directionality, InheritedCupertinoTheme, MediaQuery, UnmanagedRestorationScope, _InheritedTheme, _LocalizationsScope-[GlobalKey#a2782], _ScaffoldMessengerScope], state: ScaffoldState#c7e84(tickers: tracking 2 tickers))
                                                                                                                                      └_ScaffoldScope
                                                                                                                                       └ScrollNotificationObserver(state: ScrollNotificationObserverState#b5af0)
                                                                                                                                        └NotificationListener<ScrollMetricsNotification>
                                                                                                                                         └NotificationListener<ScrollNotification>
                                                                                                                                          └_ScrollNotificationObserverScope
                                                                                                                                           └Material(type: canvas, color: Color(alpha: 0.0000, red: 0.0000, green: 0.0000, blue: 0.0000, colorSpace: ColorSpace.sRGB), dependencies: [InheritedCupertinoTheme, _InheritedTheme, _LocalizationsScope-[GlobalKey#a2782]], state: _MaterialState#8322a)
                                                                                                                                            └AnimatedPhysicalModel(duration: 200ms, shape: rectangle, borderRadius: null, elevation: 0.0, color: Color(alpha: 0.0000, red: 0.0000, green: 0.0000, blue: 0.0000, colorSpace: ColorSpace.sRGB), animateColor: false, shadowColor: Color(alpha: 1.0000, red: 0.0000, green: 0.0000, blue: 0.0000, colorSpace: ColorSpace.sRGB), animateShadowColor: true, state: _AnimatedPhysicalModelState#7393a(ticker inactive))
                                                                                                                                             └PhysicalModel(shape: rectangle, borderRadius: BorderRadius.zero, elevation: 0.0, color: Color(alpha: 0.0000, red: 0.0000, green: 0.0000, blue: 0.0000, colorSpace: ColorSpace.sRGB), shadowColor: Color(alpha: 1.0000, red: 0.0000, green: 0.0000, blue: 0.0000, colorSpace: ColorSpace.sRGB), renderObject: RenderPhysicalModel#40ad0)
                                                                                                                                              └NotificationListener<LayoutChangedNotification>
                                                                                                                                               └_InkFeatures-[GlobalKey#8e006 ink renderer](renderObject: _RenderInkFeatures#559f9)
                                                                                                                                                └AnimatedDefaultTextStyle(duration: 200ms, debugLabel: (englishLike bodyMedium 2021).merge((blackMountainView bodyMedium).apply), inherit: false, color: Color(alpha: 1.0000, red: 0.1137, green: 0.1059, blue: 0.1255, colorSpace: ColorSpace.sRGB), family: Roboto, size: 14.0, weight: 400, letterSpacing: 0.3, baseline: alphabetic, height: 1.4x, leadingDistribution: even, decoration: Color(alpha: 1.0000, red: 0.1137, green: 0.1059, blue: 0.1255, colorSpace: ColorSpace.sRGB) TextDecoration.none, softWrap: wrapping at box width, overflow: clip, state: _AnimatedDefaultTextStyleState#32e3f(ticker inactive))
                                                                                                                                                 └DefaultTextStyle(debugLabel: (englishLike bodyMedium 2021).merge((blackMountainView bodyMedium).apply), inherit: false, color: Color(alpha: 1.0000, red: 0.1137, green: 0.1059, blue: 0.1255, colorSpace: ColorSpace.sRGB), family: Roboto, size: 14.0, weight: 400, letterSpacing: 0.3, baseline: alphabetic, height: 1.4x, leadingDistribution: even, decoration: Color(alpha: 1.0000, red: 0.1137, green: 0.1059, blue: 0.1255, colorSpace: ColorSpace.sRGB) TextDecoration.none, softWrap: wrapping at box width, overflow: clip)
                                                                                                                                                  └AnimatedBuilder(listenable: AnimationController#028bb(⏭ 1.000; paused), state: _AnimatedState#ff15d)
                                                                                                                                                   └Actions(dispatcher: null, actions: {DismissIntent: _DismissDrawerAction#8cf0b}, state: _ActionsState#8e81e)
                                                                                                                                                    └_ActionsScope
                                                                                                                                                     └CustomMultiChildLayout(renderObject: RenderCustomMultiChildLayoutBox#f2789)
                                                                                                                                                      ├LayoutId-[<_ScaffoldSlot.body>](id: _ScaffoldSlot.body)
                                                                                                                                                      │└MediaQuery(MediaQueryData(size: Size(800.0, 600.0), devicePixelRatio: 3.0, textScaler: no scaling, platformBrightness: Brightness.light, padding: EdgeInsets.zero, viewPadding: EdgeInsets.zero, viewInsets: EdgeInsets.zero, systemGestureInsets: EdgeInsets.zero, alwaysUse24HourFormat: false, accessibleNavigation: false, highContrast: false, onOffSwitchLabels: false, disableAnimations: false, invertColors: false, boldText: false, navigationMode: traditional, gestureSettings: DeviceGestureSettings(touchSlop: null), displayFeatures: [], supportsShowingSystemContextMenu: false))
                                                                                                                                                      │ └_BodyBuilder
                                                                                                                                                      │  └LayoutBuilder(dependencies: [MediaQuery], renderObject: _RenderLayoutBuilder#d84f9 relayoutBoundary=up1)
                                                                                                                                                      │   └MediaQuery(MediaQueryData(size: Size(800.0, 600.0), devicePixelRatio: 3.0, textScaler: no scaling, platformBrightness: Brightness.light, padding: EdgeInsets(0.0, 0.0, 0.0, 90.0), viewPadding: EdgeInsets.zero, viewInsets: EdgeInsets.zero, systemGestureInsets: EdgeInsets.zero, alwaysUse24HourFormat: false, accessibleNavigation: false, highContrast: false, onOffSwitchLabels: false, disableAnimations: false, invertColors: false, boldText: false, navigationMode: traditional, gestureSettings: DeviceGestureSettings(touchSlop: null), displayFeatures: [], supportsShowingSystemContextMenu: false))
                                                                                                                                                      │    └KeyedSubtree-[GlobalKey#cc26c]
                                                                                                                                                      │     └ColoredBox(color: Color(alpha: 1.0000, red: 0.9961, green: 0.9686, blue: 1.0000, colorSpace: ColorSpace.sRGB), renderObject: _RenderColoredBox#b0cd6 relayoutBoundary=up2)
                                                                                                                                                      │      └Stack(alignment: AlignmentDirectional.topStart, fit: loose, dependencies: [Directionality], renderObject: RenderStack#722f9 relayoutBoundary=up3)
                                                                                                                                                      │       ├Positioned(left: 0.0, top: 0.0, right: 0.0, bottom: 0.0)
                                                                                                                                                      │       │└IgnorePointer(ignoring: true, renderObject: RenderIgnorePointer#e3450)
                                                                                                                                                      │       │ └_TripEditorAtmosphere(dependencies: [InheritedCupertinoTheme, _InheritedTheme, _LocalizationsScope-[GlobalKey#a2782]])
                                                                                                                                                      │       │  └DecoratedBox(bg: BoxDecoration(gradient: LinearGradient(begin: Alignment.topCenter, end: Alignment.bottomCenter, colors: [Color(alpha: 0.0800, red: 0.9961, green: 0.9686, blue: 1.0000, colorSpace: ColorSpace.sRGB), Color(alpha: 1.0000, red: 0.9961, green: 0.9686, blue: 1.0000, colorSpace: ColorSpace.sRGB)], tileMode: TileMode.clamp)), dependencies: [Directionality, MediaQuery, _LocalizationsScope-[GlobalKey#a2782]], renderObject: RenderDecoratedBox#5003b)
                                                                                                                                                      │       ├Positioned(left: 0.0, top: 0.0, right: 0.0, bottom: 0.0)
                                                                                                                                                      │       │└Form-[LabeledGlobalKey<FormState>#61bf1](state: FormState#a6ff9)
                                                                                                                                                      │       │ └WillPopScope(dependencies: [_ModalScopeStatus], state: _WillPopScopeState#a72bf)
                                                                                                                                                      │       │  └_FormScope
                                                                                                                                                      │       │   └ListView(scrollDirection: vertical, BouncingScrollPhysics, padding: EdgeInsets(0.0, 0.0, 0.0, 176.0), dependencies: [InheritedCupertinoTheme, PrimaryScrollController, ScrollConfiguration, _InheritedTheme, _LocalizationsScope-[GlobalKey#a2782]])
                                                                                                                                                      │       │    └NotificationListener<ScrollUpdateNotification>
                                                                                                                                                      │       │     └PrimaryScrollController(no controller)
                                                                                                                                                      │       │      └Scrollable(axisDirection: down, physics: BouncingScrollPhysics, restorationId: null, dependencies: [InheritedCupertinoTheme, MediaQuery, ScrollConfiguration, UnmanagedRestorationScope, _InheritedTheme, _LocalizationsScope-[GlobalKey#a2782]], state: ScrollableState#78b86(position: ScrollPositionWithSingleContext#dfc21(offset: 0.0, range: 0.0..1259.5, viewport: 64.0, ScrollableState, BouncingScrollPhysics -> ClampingScrollPhysics -> RangeMaintainingScrollPhysics, IdleScrollActivity#05990, ScrollDirection.idle), effective physics: BouncingScrollPhysics -> ClampingScrollPhysics -> RangeMaintainingScrollPhysics))
                                                                                                                                                      │       │       └StretchingOverscrollIndicator(axisDirection: down, dependencies: [MediaQuery], state: _StretchingOverscrollIndicatorState#79791(tickers: tracking 1 ticker))
                                                                                                                                                      │       │        └NotificationListener<ScrollNotification>
                                                                                                                                                      │       │         └AnimatedBuilder(listenable: _StretchController(), state: _AnimatedState#feb0f)
                                                                                                                                                      │       │          └ClipRect(renderObject: RenderClipRect#1cded)
                                                                                                                                                      │       │           └Transform(dependencies: [Directionality], renderObject: RenderTransform#da3ff)
                                                                                                                                                      │       │            └NotificationListener<ScrollMetricsNotification>
                                                                                                                                                      │       │             └_ScrollSemantics-[GlobalKey#dbe8f](renderObject: _RenderScrollSemantics#26ece)
                                                                                                                                                      │       │              └_ScrollableScope
                                                                                                                                                      │       │               └Listener(listeners: [signal], behavior: deferToChild, renderObject: RenderPointerListener#507ce)
                                                                                                                                                      │       │                └RawGestureDetector-[LabeledGlobalKey<RawGestureDetectorState>#36fb8](state: RawGestureDetectorState#cf52c(gestures: [vertical drag], behavior: opaque))
                                                                                                                                                      │       │                 └_GestureSemantics(renderObject: RenderSemanticsGestureHandler#958d8)
                                                                                                                                                      │       │                  └Listener(listeners: [down, panZoomStart], behavior: opaque, renderObject: RenderPointerListener#777b0)
                                                                                                                                                      │       │                   └Semantics(container: false, properties: SemanticsProperties, renderObject: RenderSemanticsAnnotations#98232)
                                                                                                                                                      │       │                    └IgnorePointer-[GlobalKey#5a297](ignoring: false, renderObject: RenderIgnorePointer#e49f8)
                                                                                                                                                      │       │                     └Viewport(axisDirection: down, anchor: 0.0, offset: ScrollPositionWithSingleContext#dfc21(offset: 0.0, range: 0.0..1259.5, viewport: 64.0, ScrollableState, BouncingScrollPhysics -> ClampingScrollPhysics -> RangeMaintainingScrollPhysics, IdleScrollActivity#05990, ScrollDirection.idle), cacheExtent: null, cacheExtentStyle: CacheExtentStyle.pixel, dependencies: [Directionality], renderObject: RenderViewport#8a14c)
                                                                                                                                                      │       │                      └SliverPadding(padding: EdgeInsets(0.0, 0.0, 0.0, 176.0), dependencies: [Directionality], renderObject: RenderSliverPadding#20db6 relayoutBoundary=up1)
                                                                                                                                                      │       │                       └SliverList(delegate: SliverChildListDelegate#6c7f6(estimated child count: 10), renderObject: RenderSliverList#543f4 relayoutBoundary=up2)
                                                                                                                                                      │       │                        ├KeyedSubtree
                                                                                                                                                      │       │                        │└AutomaticKeepAlive(state: _AutomaticKeepAliveState#f34a3(handles: no notifications ever received))
                                                                                                                                                      │       │                        │ └KeepAlive(keepAlive: false)
                                                                                                                                                      │       │                        │  └NotificationListener<KeepAliveNotification>
                                                                                                                                                      │       │                        │   └_SelectionKeepAlive(state: _SelectionKeepAliveState#7fd1e)
                                                                                                                                                      │       │                        │    └IndexedSemantics(index: 0, renderObject: RenderIndexedSemantics#38efe relayoutBoundary=up3)
                                                                                                                                                      │       │                        │     └RepaintBoundary(renderObject: RenderRepaintBoundary#769df relayoutBoundary=up4)
                                                                                                                                                      │       │                        │      └SizedBox(height: 114.0, renderObject: RenderConstrainedBox#b7511 relayoutBoundary=up5)
                                                                                                                                                      │       │                        ├KeyedSubtree
                                                                                                                                                      │       │                        │└AutomaticKeepAlive(state: _AutomaticKeepAliveState#e2a23(handles: no notifications ever received))
                                                                                                                                                      │       │                        │ └KeepAlive(keepAlive: false)
                                                                                                                                                      │       │                        │  └NotificationListener<KeepAliveNotification>
                                                                                                                                                      │       │                        │   └_SelectionKeepAlive(state: _SelectionKeepAliveState#81854)
                                                                                                                                                      │       │                        │    └IndexedSemantics(index: 1, renderObject: RenderIndexedSemantics#2d184 relayoutBoundary=up3 NEEDS-PAINT)
                                                                                                                                                      │       │                        │     └RepaintBoundary(renderObject: RenderRepaintBoundary#fbf14 relayoutBoundary=up4 NEEDS-PAINT)
                                                                                                                                                      │       │                        │      └_EditorPadding
                                                                                                                                                      │       │                        │       └Padding(padding: EdgeInsets(16.0, 0.0, 16.0, 0.0), dependencies: [Directionality], renderObject: RenderPadding#d2ef7 relayoutBoundary=up5 NEEDS-PAINT)
                                                                                                                                                      │       │                        │        └_TripEditorIntro(dependencies: [InheritedCupertinoTheme, _InheritedTheme, _LocalizationsScope-[GlobalKey#a2782]])
                                                                                                                                                      │       │                        │         └Column(direction: vertical, mainAxisAlignment: start, crossAxisAlignment: start, dependencies: [Directionality], renderObject: RenderFlex#5d3d6 relayoutBoundary=up6 NEEDS-PAINT)
                                                                                                                                                      │       │                        │          └Text("Edit trip", debugLabel: ((englishLike displayMedium 2021).merge((blackMountainView displayMedium).apply)).copyWith, inherit: false, color: Color(alpha: 1.0000, red: 0.1137, green: 0.1059, blue: 0.1255, colorSpace: ColorSpace.sRGB), family: Roboto, size: 40.0, weight: 400, letterSpacing: 0.0, baseline: alphabetic, height: 1.0x, leadingDistribution: even, decoration: Color(alpha: 1.0000, red: 0.1137, green: 0.1059, blue: 0.1255, colorSpace: ColorSpace.sRGB) TextDecoration.none, dependencies: [DefaultSelectionStyle, DefaultTextStyle, MediaQuery])
                                                                                                                                                      │       │                        │           └RichText(softWrap: wrapping at box width, maxLines: unlimited, text: "Edit trip", dependencies: [Directionality, _LocalizationsScope-[GlobalKey#a2782]], renderObject: RenderParagraph#db38a relayoutBoundary=up7 NEEDS-PAINT)
                                                                                                                                                      │       │                        ├KeyedSubtree
                                                                                                                                                      │       │                        │└AutomaticKeepAlive(state: _AutomaticKeepAliveState#094af(handles: no notifications ever received))
                                                                                                                                                      │       │                        │ └KeepAlive(keepAlive: false)
                                                                                                                                                      │       │                        │  └NotificationListener<KeepAliveNotification>
                                                                                                                                                      │       │                        │   └_SelectionKeepAlive(state: _SelectionKeepAliveState#c2ba2)
                                                                                                                                                      │       │                        │    └IndexedSemantics(index: 2, renderObject: RenderIndexedSemantics#30401 relayoutBoundary=up3 NEEDS-PAINT)
                                                                                                                                                      │       │                        │     └RepaintBoundary(renderObject: RenderRepaintBoundary#878b6 relayoutBoundary=up4 NEEDS-PAINT)
                                                                                                                                                      │       │                        │      └SizedBox(height: 18.0, renderObject: RenderConstrainedBox#dbbfb relayoutBoundary=up5 NEEDS-PAINT)
                                                                                                                                                      │       │                        └KeyedSubtree
                                                                                                                                                      │       │                         └AutomaticKeepAlive(state: _AutomaticKeepAliveState#560cd(handles: no notifications ever received))
                                                                                                                                                      │       │                          └KeepAlive(keepAlive: false)
                                                                                                                                                      │       │                           └NotificationListener<KeepAliveNotification>
                                                                                                                                                      │       │                            └_SelectionKeepAlive(state: _SelectionKeepAliveState#8eb5b)
                                                                                                                                                      │       │                             └IndexedSemantics(index: 3, renderObject: RenderIndexedSemantics#705f1 relayoutBoundary=up3 NEEDS-PAINT)
                                                                                                                                                      │       │                              └RepaintBoundary(renderObject: RenderRepaintBoundary#05ce5 relayoutBoundary=up4 NEEDS-PAINT)
                                                                                                                                                      │       │                               └_EditorPadding
                                                                                                                                                      │       │                                └Padding(padding: EdgeInsets(16.0, 0.0, 16.0, 0.0), dependencies: [Directionality], renderObject: RenderPadding#02d97 relayoutBoundary=up5 NEEDS-PAINT)
                                                                                                                                                      │       │                                 └AddTripDestinationPreview(dependencies: [InheritedCupertinoTheme, MediaQuery, _InheritedTheme, _LocalizationsScope-[GlobalKey#a2782]])
                                                                                                                                                      │       │                                  └ClipRRect(BorderRadius.circular(32.0), dependencies: [Directionality], renderObject: RenderClipRRect#d259a relayoutBoundary=up6 NEEDS-PAINT)
                                                                                                                                                      │       │                                   └SizedBox(width: 520.0, height: 286.0, renderObject: RenderConstrainedBox#68d5c relayoutBoundary=up7 NEEDS-PAINT)
                                                                                                                                                      │       │                                    └Stack(alignment: AlignmentDirectional.topStart, fit: expand, dependencies: [Directionality], renderObject: RenderStack#e8ce9 NEEDS-PAINT)
                                                                                                                                                      │       │                                     ├_PreviewArtwork
                                                                                                                                                      │       │                                     │└CountryFlag(dependencies: [InheritedCupertinoTheme, _InheritedTheme, _LocalizationsScope-[GlobalKey#a2782]])
                                                                                                                                                      │       │                                     │ └SizedBox.expand(renderObject: RenderConstrainedBox#6b7ea NEEDS-PAINT)
                                                                                                                                                      │       │                                     │  └DecoratedBox(bg: BoxDecoration(border: Border.all(BorderSide(color: Color(alpha: 1.0000, red: 0.7922, green: 0.7686, blue: 0.8157, colorSpace: ColorSpace.sRGB))), borderRadius: BorderRadius.zero), dependencies: [Directionality, MediaQuery, _LocalizationsScope-[GlobalKey#a2782]], renderObject: RenderDecoratedBox#d769e NEEDS-PAINT)
                                                                                                                                                      │       │                                     │   └ClipRRect(BorderRadius.zero, dependencies: [Directionality], renderObject: RenderClipRRect#515bd NEEDS-PAINT)
                                                                                                                                                      │       │                                     │    └Image(image: AssetImage(bundle: null, name: "assets/flags/tr.png"), frameBuilder: null, loadingBuilder: null, fit: cover, alignment: Alignment.center, this.excludeFromSemantics: false, filterQuality: medium, dependencies: [Directionality, MediaQuery, _EffectiveTickerMode, _LocalizationsScope-[GlobalKey#a2782], _ViewScope], state: _ImageState#0842b(stream: ImageStream#8b609(MultiFrameImageStreamCompleter#805c2, unresolved, 2 listeners, 0 ephemeralErrorListeners), pixels: null, loadingProgress: null, frameNumber: null, wasSynchronouslyLoaded: false))
                                                                                                                                                      │       │                                     │     └Semantics(container: false, properties: SemanticsProperties, label: "", dependencies: [Directionality], renderObject: RenderSemanticsAnnotations#7f8a2 NEEDS-PAINT)
                                                                                                                                                      │       │                                     │      └RawImage(image: null, fit: cover, alignment: Alignment.center, invertColors: false, filterQuality: medium, renderObject: RenderImage#529ec NEEDS-PAINT)
                                                                                                                                                      │       │                                     ├DecoratedBox(bg: BoxDecoration(gradient: LinearGradient(begin: Alignment.topCenter, end: Alignment.bottomCenter, colors: [Color(alpha: 0.0800, red: 0.0000, green: 0.0000, blue: 0.0000, colorSpace: ColorSpace.sRGB), Color(alpha: 0.0000, red: 0.0000, green: 0.0000, blue: 0.0000, colorSpace: ColorSpace.sRGB), Color(alpha: 0.6400, red: 0.0000, green: 0.0000, blue: 0.0000, colorSpace: ColorSpace.sRGB)], tileMode: TileMode.clamp)), dependencies: [Directionality, MediaQuery, _LocalizationsScope-[GlobalKey#a2782]], renderObject: RenderDecoratedBox#3ce85 NEEDS-PAINT)
                                                                                                                                                      │       │                                     └Positioned(left: 20.0, right: 20.0, bottom: 20.0)
                                                                                                                                                      │       │                                      └Column(direction: vertical, mainAxisAlignment: start, mainAxisSize: min, crossAxisAlignment: start, dependencies: [Directionality], renderObject: RenderFlex#d3665 relayoutBoundary=up1 NEEDS-PAINT)
                                                                                                                                                      │       │                                       ├Text("Turkey", debugLabel: ((englishLike displaySmall 2021).merge((blackMountainView displaySmall).apply)).copyWith, inherit: false, color: Color(alpha: 1.0000, red: 1.0000, green: 1.0000, blue: 1.0000, colorSpace: ColorSpace.sRGB), family: Roboto, size: 34.0, weight: 400, letterSpacing: 0.0, baseline: alphabetic, height: 1.0x, leadingDistribution: even, decoration: Color(alpha: 1.0000, red: 0.1137, green: 0.1059, blue: 0.1255, colorSpace: ColorSpace.sRGB) TextDecoration.none, dependencies: [DefaultSelectionStyle, DefaultTextStyle, MediaQuery])
                                                                                                                                                      │       │                                       │└RichText(softWrap: wrapping at box width, maxLines: unlimited, text: "Turkey", dependencies: [Directionality, _LocalizationsScope-[GlobalKey#a2782]], renderObject: RenderParagraph#7337c relayoutBoundary=up2 NEEDS-PAINT)
                                                                                                                                                      │       │                                       ├SizedBox(height: 8.0, renderObject: RenderConstrainedBox#d1ade relayoutBoundary=up2 NEEDS-PAINT)
                                                                                                                                                      │       │                                       └Text("Jan 1 - Jan 4, 2024", debugLabel: ((englishLike bodyMedium 2021).merge((blackMountainView bodyMedium).apply)).copyWith, inherit: false, color: Color(alpha: 0.8600, red: 1.0000, green: 1.0000, blue: 1.0000, colorSpace: ColorSpace.sRGB), family: Roboto, size: 14.0, weight: 600, letterSpacing: 0.3, baseline: alphabetic, height: 1.4x, leadingDistribution: even, decoration: Color(alpha: 1.0000, red: 0.1137, green: 0.1059, blue: 0.1255, colorSpace: ColorSpace.sRGB) TextDecoration.none, dependencies: [DefaultSelectionStyle, DefaultTextStyle, MediaQuery])
                                                                                                                                                      │       │                                        └RichText(softWrap: wrapping at box width, maxLines: unlimited, text: "Jan 1 - Jan 4, 2024", dependencies: [Directionality, _LocalizationsScope-[GlobalKey#a2782]], renderObject: RenderParagraph#671ac relayoutBoundary=up2 NEEDS-PAINT)
                                                                                                                                                      │       └SafeArea(avoid left padding, avoid top padding, avoid right padding, dependencies: [MediaQuery])
                                                                                                                                                      │        └Padding(padding: EdgeInsets.zero, dependencies: [Directionality], renderObject: RenderPadding#75eab relayoutBoundary=up4)
                                                                                                                                                      │         └MediaQuery(MediaQueryData(size: Size(800.0, 600.0), devicePixelRatio: 3.0, textScaler: no scaling, platformBrightness: Brightness.light, padding: EdgeInsets(0.0, 0.0, 0.0, 90.0), viewPadding: EdgeInsets.zero, viewInsets: EdgeInsets.zero, systemGestureInsets: EdgeInsets.zero, alwaysUse24HourFormat: false, accessibleNavigation: false, highContrast: false, onOffSwitchLabels: false, disableAnimations: false, invertColors: false, boldText: false, navigationMode: traditional, gestureSettings: DeviceGestureSettings(touchSlop: null), displayFeatures: [], supportsShowingSystemContextMenu: false))
                                                                                                                                                      │          └Padding(padding: EdgeInsets(16.0, 12.0, 16.0, 0.0), dependencies: [Directionality], renderObject: RenderPadding#a8c69 relayoutBoundary=up5)
                                                                                                                                                      │           └_TripEditorTopBar(dependencies: [InheritedCupertinoTheme, _InheritedTheme, _LocalizationsScope-[GlobalKey#a2782]])
                                                                                                                                                      │            └FrostedSquircle(dependencies: [InheritedCupertinoTheme, _InheritedTheme, _LocalizationsScope-[GlobalKey#a2782]])
                                                                                                                                                      │             └DecoratedBox(bg:
                                                                                                                                                      │              │  ShapeDecoration(
                                                                                                                                                      │              │    shadows: [BoxShadow(Color(alpha: 0.1000, red: 0.4039, green:
                                                                                                                                                      │              │      0.3137, blue: 0.6431, colorSpace: ColorSpace.sRGB), Offset(0.0,
                                                                                                                                                      │              │      18.0), 30.0, 0.0, BlurStyle.normal)]
                                                                                                                                                      │              │    , shape: ContinuousRectangleBorder(BorderSide(width: 0.0, style: none), BorderRadius.circular(28.0)))
                                                                                                                                                      │              │, dependencies: [Directionality, MediaQuery, _LocalizationsScope-[GlobalKey#a2782]], renderObject: RenderDecoratedBox#ee855 relayoutBoundary=up6)
                                                                                                                                                      │              └ClipPath(clipper: ShapeBorderClipper, renderObject: RenderClipPath#3d770 relayoutBoundary=up7)
                                                                                                                                                      │               └BackdropFilter(renderObject: RenderBackdropFilter#8d2d2 relayoutBoundary=up8)
                                                                                                                                                      │                └DecoratedBox(bg: ShapeDecoration(color: Color(alpha: 0.5600, red: 0.9961, green: 0.9686, blue: 1.0000, colorSpace: ColorSpace.sRGB), shape: ContinuousRectangleBorder(BorderSide(color: Color(alpha: 0.1400, red: 0.9176, green: 0.8667, blue: 1.0000, colorSpace: ColorSpace.sRGB)), BorderRadius.circular(28.0))), dependencies: [Directionality, MediaQuery, _LocalizationsScope-[GlobalKey#a2782]], renderObject: RenderDecoratedBox#08b53 relayoutBoundary=up9)
                                                                                                                                                      │                 └Padding(padding: EdgeInsets(14.0, 12.0, 14.0, 12.0), dependencies: [Directionality], renderObject: RenderPadding#f2ee4 relayoutBoundary=up10)
                                                                                                                                                      │                  └SizedBox(height: 28.0, renderObject: RenderConstrainedBox#b63f1 relayoutBoundary=up11)
                                                                                                                                                      │                   └Stack(alignment: Alignment.center, fit: loose, dependencies: [Directionality], renderObject: RenderStack#a3c74 relayoutBoundary=up12)
                                                                                                                                                      │                    ├Align(alignment: Alignment.centerLeft, dependencies: [Directionality], renderObject: RenderPositionedBox#30a6b relayoutBoundary=up13)
                                                                                                                                                      │                    │└IconButton(disabled, disabled, padding: EdgeInsets.zero, dependencies: [InheritedCupertinoTheme, _InheritedTheme, _LocalizationsScope-[GlobalKey#a2782]])
                                                                                                                                                      │                    │ └_SelectableIconButton(state: _SelectableIconButtonState#53dd8)
                                                                                                                                                      │                    │  └_IconButtonM3(style: ButtonStyle#9aeca(padding: WidgetStatePropertyAll(EdgeInsets.zero), minimumSize: WidgetStatePropertyAll(Size(32.0, 32.0)), maximumSize: WidgetStatePropertyAll(Size(Infinity, Infinity)), mouseCursor: WidgetStateMapper<MouseCursor?>({WidgetState.disabled: null, WidgetState.any: null})), dependencies: [IconTheme, InheritedCupertinoTheme, _InheritedTheme, _LocalizationsScope-[GlobalKey#a2782]], state: _ButtonStyleState#15953)
                                                                                                                                                      │                    │   └Semantics(container: true, properties: SemanticsProperties, renderObject: RenderSemanticsAnnotations#0e81b relayoutBoundary=up14)
                                                                                                                                                      │                    │    └_InputPadding(renderObject: _RenderInputPadding#5b48c relayoutBoundary=up15)
                                                                                                                                                      │                    │     └ConstrainedBox(BoxConstraints(32.0<=w<=Infinity, 32.0<=h<=Infinity), renderObject: RenderConstrainedBox#de7cc relayoutBoundary=up16)
                                                                                                                                                      │                    │      └Material(type: button, color: Color(alpha: 0.0000, red: 0.0000, green: 0.0000, blue: 0.0000, colorSpace: ColorSpace.sRGB), shadowColor: Color(alpha: 0.0000, red: 0.0000, green: 0.0000, blue: 0.0000, colorSpace: ColorSpace.sRGB), surfaceTintColor: Color(alpha: 0.0000, red: 0.0000, green: 0.0000, blue: 0.0000, colorSpace: ColorSpace.sRGB), shape: StadiumBorder(BorderSide(width: 0.0, style: none)), dependencies: [InheritedCupertinoTheme, _InheritedTheme, _LocalizationsScope-[GlobalKey#a2782]], state: _MaterialState#220b2)
                                                                                                                                                      │                    │       └_MaterialInterior(duration: 200ms, shape: StadiumBorder(BorderSide(width: 0.0, style: none)), elevation: 0.0, color: Color(alpha: 0.0000, red: 0.0000, green: 0.0000, blue: 0.0000, colorSpace: ColorSpace.sRGB), shadowColor: Color(alpha: 0.0000, red: 0.0000, green: 0.0000, blue: 0.0000, colorSpace: ColorSpace.sRGB), dependencies: [Directionality, InheritedCupertinoTheme, _InheritedTheme, _LocalizationsScope-[GlobalKey#a2782]], state: _MaterialInteriorState#23c41(ticker inactive))
                                                                                                                                                      │                    │        └PhysicalShape(clipper: ShapeBorderClipper, elevation: 0.0, color: Color(alpha: 0.0000, red: 0.0000, green: 0.0000, blue: 0.0000, colorSpace: ColorSpace.sRGB), shadowColor: Color(alpha: 0.0000, red: 0.0000, green: 0.0000, blue: 0.0000, colorSpace: ColorSpace.sRGB), renderObject: RenderPhysicalShape#1ddb4 relayoutBoundary=up17)
                                                                                                                                                      │                    │         └_ShapeBorderPaint(dependencies: [Directionality])
                                                                                                                                                      │                    │          └CustomPaint(renderObject: RenderCustomPaint#e6499 relayoutBoundary=up18)
                                                                                                                                                      │                    │           └NotificationListener<LayoutChangedNotification>
                                                                                                                                                      │                    │            └_InkFeatures-[GlobalKey#d68d1 ink renderer](renderObject: _RenderInkFeatures#74503 relayoutBoundary=up19)
                                                                                                                                                      │                    │             └AnimatedDefaultTextStyle(duration: 200ms, debugLabel: (englishLike bodyMedium 2021).merge((blackMountainView bodyMedium).apply), inherit: false, color: Color(alpha: 1.0000, red: 0.1137, green: 0.1059, blue: 0.1255, colorSpace: ColorSpace.sRGB), family: Roboto, size: 14.0, weight: 400, letterSpacing: 0.3, baseline: alphabetic, height: 1.4x, leadingDistribution: even, decoration: Color(alpha: 1.0000, red: 0.1137, green: 0.1059, blue: 0.1255, colorSpace: ColorSpace.sRGB) TextDecoration.none, softWrap: wrapping at box width, overflow: clip, state: _AnimatedDefaultTextStyleState#1e918(ticker inactive))
                                                                                                                                                      │                    │              └DefaultTextStyle(debugLabel: (englishLike bodyMedium 2021).merge((blackMountainView bodyMedium).apply), inherit: false, color: Color(alpha: 1.0000, red: 0.1137, green: 0.1059, blue: 0.1255, colorSpace: ColorSpace.sRGB), family: Roboto, size: 14.0, weight: 400, letterSpacing: 0.3, baseline: alphabetic, height: 1.4x, leadingDistribution: even, decoration: Color(alpha: 1.0000, red: 0.1137, green: 0.1059, blue: 0.1255, colorSpace: ColorSpace.sRGB) TextDecoration.none, softWrap: wrapping at box width, overflow: clip)
                                                                                                                                                      │                    │               └InkWell
                                                                                                                                                      │                    │                └_InkResponseStateWidget(gestures: [tap], mouseCursor: ButtonStyleButton_MouseCursor, clipped to BoxShape.rectangle, dependencies: [InheritedCupertinoTheme, MediaQuery, _InheritedTheme, _LocalizationsScope-[GlobalKey#a2782]], state: _InkResponseState#d2623)
                                                                                                                                                      │                    │                 └_ParentInkResponseProvider
                                                                                                                                                      │                    │                  └Actions(dispatcher: null, actions: {ActivateIntent: CallbackAction<ActivateIntent>#13152, ButtonActivateIntent: CallbackAction<ButtonActivateIntent>#41851}, state: _ActionsState#10339)
                                                                                                                                                      │                    │                   └_ActionsScope
                                                                                                                                                      │                    │                    └Focus(dependencies: [_FocusInheritedScope], state: _FocusState#ef612)
                                                                                                                                                      │                    │                     └_FocusInheritedScope
                                                                                                                                                      │                    │                      └Semantics(container: false, properties: SemanticsProperties, renderObject: RenderSemanticsAnnotations#57491 relayoutBoundary=up20)
                                                                                                                                                      │                    │                       └MouseRegion(listeners: [enter, exit], cursor: SystemMouseCursor(click), renderObject: RenderMouseRegion#28ddf relayoutBoundary=up21)
                                                                                                                                                      │                    │                        └Builder(dependencies: [DefaultSelectionStyle])
                                                                                                                                                      │                    │                         └DefaultSelectionStyle
                                                                                                                                                      │                    │                          └Semantics(container: false, properties: SemanticsProperties, renderObject: RenderSemanticsAnnotations#e128d relayoutBoundary=up22)
                                                                                                                                                      │                    │                           └GestureDetector(startBehavior: start, dependencies: [MediaQuery, ScrollConfiguration])
                                                                                                                                                      │                    │                            └RawGestureDetector(state: RawGestureDetectorState#68431(gestures: [tap], excludeFromSemantics: true, behavior: opaque))
                                                                                                                                                      │                    │                             └Listener(listeners: [down, panZoomStart], behavior: opaque, renderObject: RenderPointerListener#6dde7 relayoutBoundary=up23)
                                                                                                                                                      │                    │                              └Builder(dependencies: [IconTheme])
                                                                                                                                                      │                    │                               └IconTheme(size: 24.0, color: Color(alpha: 1.0000, red: 0.2863, green: 0.2706, blue: 0.3098, colorSpace: ColorSpace.sRGB))
                                                                                                                                                      │                    │                                └Padding(padding: EdgeInsets.zero, dependencies: [Directionality], renderObject: RenderPadding#0359a relayoutBoundary=up24)
                                                                                                                                                      │                    │                                 └Align(alignment: Alignment.center, widthFactor: 1.0, heightFactor: 1.0, dependencies: [Directionality], renderObject: RenderPositionedBox#637cd relayoutBoundary=up25)
                                                                                                                                                      │                    │                                  └Semantics(container: false, properties: SemanticsProperties, renderObject: RenderSemanticsAnnotations#2e670 relayoutBoundary=up26)
                                                                                                                                                      │                    │                                   └Icon(IconData(U+0F570), size: 20.0, color: Color(alpha: 1.0000, red: 0.1137, green: 0.1059, blue: 0.1255, colorSpace: ColorSpace.sRGB), dependencies: [Directionality, IconTheme])
                                                                                                                                                      │                    │                                    └Semantics(container: false, properties: SemanticsProperties, renderObject: RenderSemanticsAnnotations#ae06f relayoutBoundary=up27)
                                                                                                                                                      │                    │                                     └ExcludeSemantics(excluding: true, renderObject: RenderExcludeSemantics#151eb relayoutBoundary=up28)
                                                                                                                                                      │                    │                                      └SizedBox(width: 20.0, height: 20.0, renderObject: RenderConstrainedBox#1e933 relayoutBoundary=up29)
                                                                                                                                                      │                    │                                       └Center(alignment: Alignment.center, dependencies: [Directionality], renderObject: RenderPositionedBox#d172c)
                                                                                                                                                      │                    │                                        └RichText(textDirection: ltr, softWrap: wrapping at box width, overflow: visible, maxLines: unlimited, text: "", dependencies: [_LocalizationsScope-[GlobalKey#a2782]], renderObject: RenderParagraph#2eb83 relayoutBoundary=up1)
                                                                                                                                                      │                    └Text("STEPPED", debugLabel: ((englishLike titleLarge 2021).merge((blackMountainView titleLarge).apply)).copyWith, inherit: false, color: Color(alpha: 1.0000, red: 0.1137, green: 0.1059, blue: 0.1255, colorSpace: ColorSpace.sRGB), family: Roboto, size: 25.0, weight: 400, letterSpacing: 2.8, baseline: alphabetic, height: 1.3x, leadingDistribution: even, decoration: Color(alpha: 1.0000, red: 0.1137, green: 0.1059, blue: 0.1255, colorSpace: ColorSpace.sRGB) TextDecoration.none, dependencies: [DefaultSelectionStyle, DefaultTextStyle, MediaQuery])
                                                                                                                                                      │                     └RichText(softWrap: wrapping at box width, maxLines: unlimited, text: "STEPPED", dependencies: [Directionality, _LocalizationsScope-[GlobalKey#a2782]], renderObject: RenderParagraph#03844 relayoutBoundary=up13)
                                                                                                                                                      ├LayoutId-[<_ScaffoldSlot.bottomNavigationBar>](id: _ScaffoldSlot.bottomNavigationBar)
                                                                                                                                                      │└MediaQuery(MediaQueryData(size: Size(800.0, 600.0), devicePixelRatio: 3.0, textScaler: no scaling, platformBrightness: Brightness.light, padding: EdgeInsets.zero, viewPadding: EdgeInsets.zero, viewInsets: EdgeInsets.zero, systemGestureInsets: EdgeInsets.zero, alwaysUse24HourFormat: false, accessibleNavigation: false, highContrast: false, onOffSwitchLabels: false, disableAnimations: false, invertColors: false, boldText: false, navigationMode: traditional, gestureSettings: DeviceGestureSettings(touchSlop: null), displayFeatures: [], supportsShowingSystemContextMenu: false))
                                                                                                                                                      │ └SafeArea(avoid left padding, avoid top padding, avoid right padding, avoid bottom padding, dependencies: [MediaQuery])
                                                                                                                                                      │  └Padding(padding: EdgeInsets(16.0, 8.0, 16.0, 20.0), dependencies: [Directionality], renderObject: RenderPadding#d196d relayoutBoundary=up1)
                                                                                                                                                      │   └MediaQuery(MediaQueryData(size: Size(800.0, 600.0), devicePixelRatio: 3.0, textScaler: no scaling, platformBrightness: Brightness.light, padding: EdgeInsets.zero, viewPadding: EdgeInsets.zero, viewInsets: EdgeInsets.zero, systemGestureInsets: EdgeInsets.zero, alwaysUse24HourFormat: false, accessibleNavigation: false, highContrast: false, onOffSwitchLabels: false, disableAnimations: false, invertColors: false, boldText: false, navigationMode: traditional, gestureSettings: DeviceGestureSettings(touchSlop: null), displayFeatures: [], supportsShowingSystemContextMenu: false))
                                                                                                                                                      │    └_TripEditorActionButton(dependencies: [InheritedCupertinoTheme, _InheritedTheme, _LocalizationsScope-[GlobalKey#a2782]])
                                                                                                                                                      │     └DecoratedBox(bg:
                                                                                                                                                      │      │  BoxDecoration(borderRadius: BorderRadius.circular(28.0),
                                                                                                                                                      │      │    boxShadow: [BoxShadow(Color(alpha: 0.1200, red: 0.4039, green:
                                                                                                                                                      │      │      0.3137, blue: 0.6431, colorSpace: ColorSpace.sRGB), Offset(0.0,
                                                                                                                                                      │      │      16.0), 28.0, 0.0, BlurStyle.normal)]
                                                                                                                                                      │      │    )
                                                                                                                                                      │      │, dependencies: [Directionality, MediaQuery, _LocalizationsScope-[GlobalKey#a2782]], renderObject: RenderDecoratedBox#70e2b relayoutBoundary=up2)
                                                                                                                                                      │      └ClipRRect(BorderRadius.circular(28.0), dependencies: [Directionality], renderObject: RenderClipRRect#efdf7 relayoutBoundary=up3)
                                                                                                                                                      │       └Material(type: canvas, color: Color(alpha: 0.0000, red: 0.0000, green: 0.0000, blue: 0.0000, colorSpace: ColorSpace.sRGB), dependencies: [InheritedCupertinoTheme, _InheritedTheme, _LocalizationsScope-[GlobalKey#a2782]], state: _MaterialState#28462)
                                                                                                                                                      │        └AnimatedPhysicalModel(duration: 200ms, shape: rectangle, borderRadius: null, elevation: 0.0, color: Color(alpha: 0.0000, red: 0.0000, green: 0.0000, blue: 0.0000, colorSpace: ColorSpace.sRGB), animateColor: false, shadowColor: Color(alpha: 1.0000, red: 0.0000, green: 0.0000, blue: 0.0000, colorSpace: ColorSpace.sRGB), animateShadowColor: true, state: _AnimatedPhysicalModelState#e2f39(ticker inactive))
                                                                                                                                                      │         └PhysicalModel(shape: rectangle, borderRadius: BorderRadius.zero, elevation: 0.0, color: Color(alpha: 0.0000, red: 0.0000, green: 0.0000, blue: 0.0000, colorSpace: ColorSpace.sRGB), shadowColor: Color(alpha: 1.0000, red: 0.0000, green: 0.0000, blue: 0.0000, colorSpace: ColorSpace.sRGB), renderObject: RenderPhysicalModel#c7941 relayoutBoundary=up4)
                                                                                                                                                      │          └NotificationListener<LayoutChangedNotification>
                                                                                                                                                      │           └_InkFeatures-[GlobalKey#18747 ink renderer](renderObject: _RenderInkFeatures#cc6f2 relayoutBoundary=up5)
                                                                                                                                                      │            └AnimatedDefaultTextStyle(duration: 200ms, debugLabel: (englishLike bodyMedium 2021).merge((blackMountainView bodyMedium).apply), inherit: false, color: Color(alpha: 1.0000, red: 0.1137, green: 0.1059, blue: 0.1255, colorSpace: ColorSpace.sRGB), family: Roboto, size: 14.0, weight: 400, letterSpacing: 0.3, baseline: alphabetic, height: 1.4x, leadingDistribution: even, decoration: Color(alpha: 1.0000, red: 0.1137, green: 0.1059, blue: 0.1255, colorSpace: ColorSpace.sRGB) TextDecoration.none, softWrap: wrapping at box width, overflow: clip, state: _AnimatedDefaultTextStyleState#dd92a(ticker inactive))
                                                                                                                                                      │             └DefaultTextStyle(debugLabel: (englishLike bodyMedium 2021).merge((blackMountainView bodyMedium).apply), inherit: false, color: Color(alpha: 1.0000, red: 0.1137, green: 0.1059, blue: 0.1255, colorSpace: ColorSpace.sRGB), family: Roboto, size: 14.0, weight: 400, letterSpacing: 0.3, baseline: alphabetic, height: 1.4x, leadingDistribution: even, decoration: Color(alpha: 1.0000, red: 0.1137, green: 0.1059, blue: 0.1255, colorSpace: ColorSpace.sRGB) TextDecoration.none, softWrap: wrapping at box width, overflow: clip)
                                                                                                                                                      │              └InkWell
                                                                                                                                                      │               └_InkResponseStateWidget(gestures: [tap], mouseCursor: null, clipped to BoxShape.rectangle, dependencies: [InheritedCupertinoTheme, MediaQuery, _InheritedTheme, _LocalizationsScope-[GlobalKey#a2782]], state: _InkResponseState#47172)
                                                                                                                                                      │                └_ParentInkResponseProvider
                                                                                                                                                      │                 └Actions(dispatcher: null, actions: {ActivateIntent: CallbackAction<ActivateIntent>#87be9, ButtonActivateIntent: CallbackAction<ButtonActivateIntent>#841a6}, state: _ActionsState#bd1a9)
                                                                                                                                                      │                  └_ActionsScope
                                                                                                                                                      │                   └Focus(dependencies: [_FocusInheritedScope], state: _FocusState#812bf)
                                                                                                                                                      │                    └_FocusInheritedScope
                                                                                                                                                      │                     └Semantics(container: false, properties: SemanticsProperties, renderObject: RenderSemanticsAnnotations#2826b relayoutBoundary=up6)
                                                                                                                                                      │                      └MouseRegion(listeners: [enter, exit], cursor: SystemMouseCursor(click), renderObject: RenderMouseRegion#f7e03 relayoutBoundary=up7)
                                                                                                                                                      │                       └Builder(dependencies: [DefaultSelectionStyle])
                                                                                                                                                      │                        └DefaultSelectionStyle
                                                                                                                                                      │                         └Semantics(container: false, properties: SemanticsProperties, renderObject: RenderSemanticsAnnotations#cb9da relayoutBoundary=up8)
                                                                                                                                                      │                          └GestureDetector(startBehavior: start, dependencies: [MediaQuery, ScrollConfiguration])
                                                                                                                                                      │                           └RawGestureDetector(state: RawGestureDetectorState#b846e(gestures: [tap], excludeFromSemantics: true, behavior: opaque))
                                                                                                                                                      │                            └Listener(listeners: [down, panZoomStart], behavior: opaque, renderObject: RenderPointerListener#186ff relayoutBoundary=up9)
                                                                                                                                                      │                             └Ink(bg: BoxDecoration(gradient: LinearGradient(begin: Alignment.topLeft, end: Alignment.bottomRight, colors: [Color(alpha: 0.8800, red: 0.4039, green: 0.3137, blue: 0.6431, colorSpace: ColorSpace.sRGB), Color(alpha: 0.7600, red: 0.9176, green: 0.8667, blue: 1.0000, colorSpace: ColorSpace.sRGB)], tileMode: TileMode.clamp)), state: _InkState#5ca71)
                                                                                                                                                      │                              └SizedBox(height: 62.0, renderObject: RenderConstrainedBox#67434 relayoutBoundary=up10)
                                                                                                                                                      │                               └Padding-[GlobalKey#83046](padding: EdgeInsets.zero, dependencies: [Directionality], renderObject: RenderPadding#80871)
                                                                                                                                                      │                                └Builder(dependencies: [Directionality, MediaQuery, _LocalizationsScope-[GlobalKey#a2782]])
                                                                                                                                                      │                                 └Center(alignment: Alignment.center, dependencies: [Directionality], renderObject: RenderPositionedBox#0d973)
                                                                                                                                                      │                                  └Text("Update Trip", debugLabel: ((englishLike titleMedium 2021).merge((blackMountainView titleMedium).apply)).copyWith, inherit: false, color: Color(alpha: 1.0000, red: 1.0000, green: 1.0000, blue: 1.0000, colorSpace: ColorSpace.sRGB), family: Roboto, size: 16.0, weight: 500, letterSpacing: 0.1, baseline: alphabetic, height: 1.5x, leadingDistribution: even, decoration: Color(alpha: 1.0000, red: 0.1137, green: 0.1059, blue: 0.1255, colorSpace: ColorSpace.sRGB) TextDecoration.none, dependencies: [DefaultSelectionStyle, DefaultTextStyle, MediaQuery])
                                                                                                                                                      │                                   └RichText(softWrap: wrapping at box width, maxLines: unlimited, text: "Update Trip", dependencies: [Directionality, _LocalizationsScope-[GlobalKey#a2782]], renderObject: RenderParagraph#7fc12 relayoutBoundary=up1)
                                                                                                                                                      └LayoutId-[<_ScaffoldSlot.floatingActionButton>](id: _ScaffoldSlot.floatingActionButton)
                                                                                                                                                       └MediaQuery(MediaQueryData(size: Size(800.0, 600.0), devicePixelRatio: 3.0, textScaler: no scaling, platformBrightness: Brightness.light, padding: EdgeInsets.zero, viewPadding: EdgeInsets.zero, viewInsets: EdgeInsets.zero, systemGestureInsets: EdgeInsets.zero, alwaysUse24HourFormat: false, accessibleNavigation: false, highContrast: false, onOffSwitchLabels: false, disableAnimations: false, invertColors: false, boldText: false, navigationMode: traditional, gestureSettings: DeviceGestureSettings(touchSlop: null), displayFeatures: [], supportsShowingSystemContextMenu: false))
                                                                                                                                                        └_FloatingActionButtonTransition(state: _FloatingActionButtonTransitionState#4b2f4(tickers: tracking 1 ticker))
                                                                                                                                                         └Stack(alignment: Alignment.centerRight, fit: loose, dependencies: [Directionality], renderObject: RenderStack#0e85f relayoutBoundary=up1)
                                                                                                                                                          └ScaleTransition(listenable: AnimationMin<double>(_AnimationSwap<double>(AnimationController#028bb(⏭ 1.000; paused)➩CurveTween(curve: FlippedCurve(Interval(0.5⋯1.0)➩Cubic(0.25, 0.10, 0.25, 1.00)))➩1.0➪ReverseAnimation, AnimationController#028bb(⏭ 1.000; paused)➩CurveTween(curve: Interval(0.5⋯1.0)➩Cubic(0.25, 0.10, 0.25, 1.00))➩1.0), AnimationController#359ab(⏮ 0.000; paused)➩Cubic(0.42, 0.00, 1.00, 1.00)), state: _AnimatedState#c0e1a)
                                                                                                                                                           └Transform(dependencies: [Directionality], renderObject: RenderTransform#655d7 relayoutBoundary=up2)
                                                                                                                                                            └RotationTransition(listenable: AnimationController#359ab(⏮ 0.000; paused)➩CurveTween(curve: Cubic(0.42, 0.00, 1.00, 1.00))➩Tween<double>(0.875 → 1.0)➩0.875➩TrainHoppingAnimation(next: _AnimationSwap<double>(AnimationController#028bb(⏭ 1.000; paused)➩Tween<double>(0.75 → 1.0)➩1.0, AnimationController#028bb(⏭ 1.000; paused)➩CurveTween(curve: Threshold)➩1.0➪ReverseAnimation)), state: _AnimatedState#08dfa)
                                                                                                                                                             └Transform(dependencies: [Directionality], renderObject: RenderTransform#bd336 relayoutBoundary=up3 NEEDS-PAINT)


══╡ EXCEPTION CAUGHT BY FLUTTER TEST FRAMEWORK ╞════════════════════════════════════════════════════
The following TestFailure was thrown running a test:
Expected: exactly one matching candidate
  Actual: _TextWidgetFinder:<Found 0 widgets with text "Edit trip": []>
   Which: means none were found but one was expected

When the exception was thrown, this was the stack:
#4      main.<anonymous closure> (file:///C:/Users/Ismail/Documents/Codes/Flutter/New%20Stepped/test/features/trips/add_trip_screen_test.dart:57:5)
<asynchronous suspension>
#5      testWidgets.<anonymous closure>.<anonymous closure> (package:flutter_test/src/widget_tester.dart:193:15)
<asynchronous suspension>
#6      TestWidgetsFlutterBinding._runTestBody (package:flutter_test/src/binding.dart:1064:5)
<asynchronous suspension>
<asynchronous suspension>
(elided one frame from package:stack_trace)

This was caught by the test expectation on the following line:
  file:///C:/Users/Ismail/Documents/Codes/Flutter/New%20Stepped/test/features/trips/add_trip_screen_test.dart line 57
The test description was:
  edit trip screen renders form content
════════════════════════════════════════════════════════════════════════════════════════════════════
00:01 +0 -1: edit trip screen renders form content [E]
  Test failed. See exception logs above.
  The test description was: edit trip screen renders form content
  
00:01 +0 -1: Some tests failed.
